//license:BSD-3-Clause
//copyright-holders:Gaston90
/***************************************************************
   List of all enabled drivers in the system.
******************************************************************/

@source:capcom/1942.cpp
1942
1942a
1942abl
1942b
1942h
1942p
1942w

@source:../hbmame/drivers/1942hc.cpp
1942hc01
1942hc02

@source:capcom/1943.cpp
1943
1943b
1943bj
1943j
1943ja
1943jah
1943kai
1943mii
1943u
1943ua

@source:../hbmame/drivers/1943hc.cpp
1943kaihc01

@source:capcom/bionicc.cpp
bionicc
bionicc1
bionicc2
bioniccbl
bioniccbl2
topsecrt
topsecrt2

@source:capcom/blktiger.cpp
blkdrgon
blkdrgonb
blktiger
blktigera
blktigerb1
blktigerb2
blktigerb3

@source:../hbmame/drivers/blktigerhc.cpp
blkdrgonhc01

@source:capcom/cbasebal.cpp
cbasebal

@source:capcom/commando.cpp
commando
commandob
commandob2
commandob3
commandoj
commandou
commandou2
mercenario
sinvasn
sinvasnb

@source:../hbmame/drivers/cps1.cpp
1941
1941j
1941r1
1941u
3wonders
3wondersb
3wondersbi
3wondersh
3wondersr1
3wondersu
area88
area88r
captcomm
captcommb
captcommj
captcommjr1
captcommr1
captcommu
cawing
cawingj
cawingjr
cawingr1
cawingu
cawingur1
chikij
cps1mult
cworld2j
cworld2ja
cworld2jb
daimakai
daimakair
dino
dinohunt
dinoa
dinoj
dinou
dynwar
dynwara
dynwarj
dynwarjr
ffight
ffighta
ffightae
ffightj
ffightj1
ffightj2
ffightj3
ffightj4
ffightjh
ffightu
ffightu1
ffightua
ffightub
ffightuc
forgottn
forgottna
forgottnj
forgottnu
forgottnua
forgottnuc
forgottnue
forgottnuaa
ganbare
ghouls
ghoulsu
gulunpa
knights
knightsb2
knightsj
knightsja
knightsu
kod
kodj
kodja
kodr1
kodr2
kodu
lostwrld
lostwrldo
mbomberj
mbombrd
mbombrdj
megaman
megamana
mercs
mercsj
mercsu
mercsur1
mpumpkin
msword
mswordj
mswordr1
mswordu
mtwins
nemo
nemoj
nemoja
nemor1
pang3
pang3b
pang3b2
pang3b3
pang3j
pang3r1
pang3b4
pang3b5
pmonster
pnickj
punisher
punisherbz
punisherh
punisherj
punisheru
qad
qadjr
qtono2j
rockmanj
pokonyan
sf2
sf2acc
sf2acca
sf2accp2
sf2amf
sf2amf2
sf2amf3
sf2bhh
sf2ce
sf2ceblp
sf2cebltw
sf2ceea
sf2ceec
sf2ceja
sf2cejb
sf2cejc
sf2cet
sf2ceupl
sf2ceua
sf2ceub
sf2ceuc
sf2dkot2
sf2dongb
sf2ea
sf2eb
sf2ebbl
sf2ebbl2
sf2ebbl3
sf2ed
sf2ee
sf2ef
sf2em
sf2en
sf2hf
sf2hfj
sf2hfu
sf2j
sf2j17
sf2ja
sf2jc
sf2jf
sf2jh
sf2jl
sf2koryu
sf2level
sf2ceuab8
sf2ceuab2
sf2amf4
sf2koryu3
sf2amf9
sf2rb4
sf2ceuabl
sf2mega
sf2mkot
sf2qp1
sf2qp2
sf2rb
sf2rb2
sf2rb3
sf2re
sf2red
sf2reda
sf2redp2
sf2rk
sf2rules
sf2stt
sf2thndr
sf2thndr2
sf2ua
sf2ub
sf2uc
sf2ud
sf2ue
sf2uf
sf2ug
sf2uh
sf2ui
sf2uk
sf2um
sf2v004
sf2yyc
sf2ceds6
sf2cems6a
sf2cems6b
sf2cems6c
sfach
sfzbch
sfzch
slammast
slammastu
strider
striderj
striderjr
striderua
strideruc
unsquad
varth
varthb2
varthb3
varthj
varthjr
varthr1
varthu
willow
willowj
willowu
willowuo
wof
wofa
wofch
wofhfh
wofj
wofr1
wofu
wonder3

@source:../hbmame/drivers/cps1.cpp
3wondrud
3wondersha
captcoud
cawingh
daimakaib
dinoh
dinoha
dinotpic
dinohc
dinopic5
dinod
dikd
ghoulsmaiden
ghoulsknight
ghoulsumaiden
ghoulsuknight
kodh
kodda
knightsh
knightsh2
knightsb5
daimakaimaiden
daimakaiknight
pnicku
punisherud1
punisherud2
sf2ceuab3
sf2ceuab4
//sf2ceuab5
//sf2ceuab6
//sf2ceuab7
//sf2ceuab9
sf2cejabl
sf2rb5
sf2rb6
pang3r1a
pang3b6
pang3b7
sf2mega2
sf2amf5
sf2amf6
sf2amf7
sf2amf8
sf2amf11
sf2amf12
sf2amf13
sf2amf14
sf2tlona
sf2tlonb
sf2tlonc
sf2red2
sf2v0042
sf2v0043
sf2yyc2
sf2cejab2
sf2sl73a
sf2koryu2
sf2koryua
sf2tlona2
sf2tlonb2
sf2tlonc2
sf2ceucbl
sf2rk2
sf2b3
sf2b4
sf2ebbl4
sf2mkot2
sf2ly
sf2hfjb
sf2hfjb2
//sf2hfub
slammastud
wofah
wofaha
wofahb
wofsjs
wofsjsa
//wofsjsb
wofssj
wofssja
wofsj
wofsja
wofsjb
wofjd
wofud

@source:../hbmame/drivers/cps1.cpp
cps1demo
cps1frog
cps1tests
cps1testm

@source:../hbmame/drivers/cps1.cpp
3wondershc01
3wondershc02
area88hc01
captcommhc01
captcommhc02
captcommhc03
captcommhc04
captcommhc05
captcommhc06
captcommhc07
captcommhc08
captcommhc09
captcommhc10
captcommhc11
captcommhc12
captcommhc13
captcommhc14
captcommhc15
captcommhc16
captcommhc17
captcommhc18
captcommhc19
daimakaihc01
dinohc01
dinohc02
dinohc03
dinohc04
dinohc05
dinohc06
dinohc07
dinohc08
dinohc09
dinohc10
dinohc11
dinohc12
dinohc13
dinohc14
dinohc15
dinohc16
dinohc17
dinohc18
dinohc19
dinohc20
dinohc21
dinohc22
dinohc23
dinohc24
dinohc25
dinohc26
dinohc27
dinohc28
dinohc29
dinohc30
forgottnhc01
ffighthc01
ffighthc02
ffighthc03
ffighthc04
ffighthc05
ffighthc06
ghoulshc01
ghoulshc02
kodhc01
kodhc02
kodhc03
kodhc04
kodhc05
kodhc06
kodhc07
kodhc08
knightshc01
knightshc02
knightshc03
knightshc04
knightshc05
knightshc06
mercshc01
mercshc02
punisherhc01
punisherhc02
punisherhc03
punisherhc04
punisherhc05
punisherhc06
punisherhc07
punisherhc08
punisherhc09
rockmanjhc01
sf2cehc01
sf2cehc02
sf2cehc03
sf2cehc04
sf2cehc05
sf2cehc06
sf2cehc07
sf2cehc08
sf2cehc09
sf2cehc10
sf2cehc11
sf2cehc12
sf2cehc13
sf2cehc14
sf2cehc15
sf2cehc16
sf2cehc17
sf2cehc18
sf2cehc19
sf2cehc20
sf2cehc21
sf2hc01
sf2hc02
sf2hc03
sf2hc04
sf2hfhc01
sf2hfhc02
sfzchhc01
striderhc01
striderhc02
striderhc03
tk2hc01
tk2hc02
tk2hc03
tk2hc04
tk2hc05
tk2hc06
tk2hc07
tk2hc08
tk2hc09
tk2hc10
tk2hc11
tk2hc12
tk2hc13
tk2hc14
tk2hc15
tk2hc16
tk2hc17
tk2hc18
tk2hc19
tk2hc20
tk2hc21
tk2hc22
tk2hc23
tk2chc01
tk2chc02
sk2hc01
sk3hc01
varthhc01
willowhc01
wofhc01
wofhc02

@source:../hbmame/drivers/cps1bl_5205.cpp
captcommb2
//captcommb3
knightsb
knightsb3
knightsb4
sf2b
sf2b2
sf2b5
sf2ceb
sf2ceb2
sf2ceb3
sf2ceb4
sf2ceb5
sf2mdt
sf2mdta
sf2mdtb

@source:../hbmame/drivers/cps1bl_pic.cpp
dinopic
dinopic2
dinopic3
dinopic4
jurassic99
punipic
punipic2
punipic3
slampic
slampic2
wofpic

@source:../hbmame/drivers/cps2.cpp
1944
1944d
1944j
1944u
1944n
19xx
19xxu
19xxa
19xxar1
19xxb
19xxd
19xxh
19xxj
19xxjr1
19xxjr2
armwar
armwar1d
armwara
armwarar1
armwarb
armwarr1
armwaru
armwaru1
avsp
avspa
avspd
avsph
avspj
avspu
avspud
avspn
batcir
batcira
batcird
batcirj
choko
chokop
csclub
csclub1
csclub1d
cscluba
csclubh
csclubj
csclubjy
cybots
cybotsj
cybotsjd
cybotsu
cybotsud
ddsom
ddsoma
ddsomar1
ddsomb
ddsomh
ddsomj
ddsomjr1
ddsomjr2
ddsomr1
ddsomr2
ddsomr3
ddsomu
ddsomud
ddsomur1
ddtod
ddtoda
ddtodar1
ddtodd
ddtodh
ddtodhr1
ddtodhr2
ddtodj
ddtodjr1
ddtodjr2
ddtodr1
ddtodu
ddtodur1
dimahoo
dimahoou
dimahoud
dstlk
dstlka
dstlkb
dstlkh
dstlku
dstlku1d
dstlkur1
ecofghtr
ecofghtra
ecofghtrd
ecofghtrh
ecofghtru
ecofghtru1
gigaman2
gigawing
gigawinga
gigawingb
gigawingd
gigawingh
gigawingj
gigawingjd
gmahou
hsf2
hsf2a
hsf2d
hsf2j
hsf2j1
hsf2j2
jyangoku
megaman2
megaman2a
megaman2h
megamn2d
mmancp2u
mmancp2ur1
mmancp2ur2
mmatrix
mmatrixa
mmatrixd
mmatrixj
mpang
mpangj
mpangr1
mpangu
mpanga
mpangjd
msh
msha
mshb
mshbr1
mshh
mshj
mshjr1
mshu
mshud
mshvsf
mshvsfa
mshvsfa1
mshvsfb
mshvsfb1
mshvsfh
mshvsfj
mshvsfj1
mshvsfj2
mshvsfu
mshvsfu1
mshvsfu1d
mvsc
mvsca
mvscar1
mvscb
mvsch
mvscj
mvscjr1
mvscjsing
mvscr1
mvscu
mvscud
mvscur1
nwarr
nwarra
nwarrb
nwarrh
nwarru
nwarrud
pfghtj
pgear
pgearr1
progear
progeara
progearj
progearjbl
progearjd
progearud
pzloop2
pzloop2j
pzloop2jd
pzloop2jp
pzloop2jr1
qndream
ringdest
ringdesta
ringdestb
ringdesth
ringdstd
rmancp2j
rockman2j
sfa
sfa2
sfa2u
sfa2ur1
sfa3
sfa3b
sfa3h
sfa3hr1
sfa3u
sfa3ud
sfa3ur1
sfa3us
sfad
sfar1
sfar2
sfar3
sfau
sfaud
sfz2a
sfz2ad
sfz2al
sfz2alr1
sfz2alb
sfz2ald
sfz2alh
sfz2alj
sfz2b
sfz2br1
sfz2h
sfz2j
sfz2jd
sfz2jr1
sfz2n
sfz3a
sfz3ar1
sfz3j
sfz3jr1
sfz3jr2
sfz3jr2d
sfza
sfzar1
sfzb
sfzbr1
sfzh
sfzhr1
sfzj
sfzjr1
sfzjr2
sgemf
sgemfa
sgemfd
sgemfh
smbomb
smbombr1
spf2t
spf2ta
spf2td
spf2th
spf2tu
spf2xj
spf2xjd
ssf2
ssf2a
ssf2ar1
ssf2h
ssf2j
ssf2jr1
ssf2jr2
ssf2r1
ssf2r1d
ssf2t
ssf2td
ssf2ta
ssf2tad
ssf2tb
ssf2tba
ssf2tbd
ssf2tbh
ssf2tbj
ssf2tbj1
ssf2tbr1
ssf2tbu
ssf2th
ssf2tu
ssf2tur1
ssf2u
ssf2ud
ssf2us2
ssf2xj
ssf2xjr1
ssf2xjr1d
ssf2xjr1r
uecology
vampj
vampja
vampjr1
vhunt2
vhunt2d
vhunt2r1
vhuntj
vhuntjr1
vhuntjr1s
vhuntjr2
vsav
vsav2
vsav2d
vsava
vsavb
vsavd
vsavh
vsavj
vsavu
xmcota
xmcotaa
xmcotaar1
xmcotaar2
xmcotab
xmcotah
xmcotahr1
xmcotaj
xmcotaj1
xmcotaj2
xmcotaj3
xmcotajr
xmcotar1
xmcotar1d
xmcotau
xmvsf
xmvsfa
xmvsfar1
xmvsfar2
xmvsfar3
xmvsfb
xmvsfh
xmvsfj
xmvsfjr1
xmvsfjr2
xmvsfjr3
xmvsfjr4
xmvsfr1
xmvsfu
xmvsfu1d
xmvsfur1
xmvsfur2

@source:../hbmame/drivers/cps2.cpp
19xxhc01
19xxhc02
1944hc01
avsphc01
avsphc02
batcirhc01
csclubhc01
cybotshc01
cybotshc02
ddsomhc01
ddsomhc02
ddsomhc03
ddsomhc04
ddsomhc05
ddtodhc01
ddtodhc02
dstlkhc01
dstlkhc02
ffightaec2
ffightaec2ds
gigawinghc01
gigawinghc02
hsf2hc01
hsf2hc02
hsf2hc03
hsf2hc04
hsf2hc05
hsf2hc06
hsf2hc07
hsf2hc08
mvschc01
mvschc02
mvschc03
mvschc04
mshhc01
mshhc02
mshvsfhc01
mshvsfhc02
mshvsfhc03
mshvsfhc04
pfghthc01
pfghthc02
progearhc01
progearhc02
rmancp2hc01
ringdesthc01
rockman2hc01
sfahc01
sfahc02
sfahc03
sfahc04
sfa2hc01
sfa2hc02
sfa2hc03
sfa2hc04
sfa2hc05
sfa3hc01
sfa3hc02
sfa3hc03
sfa3hc04
sfa3hc05
sfa3hc06
sfa3hc07
sfz2alhc01
sfz2alhc02
sfz2alhc03
sfz2alhc04
sfz2alhc05
sfz2alhc06
ssf2thc01
ssf2thc02
ssf2thc03
ssf2thc04
ssf2thc05
ssf2xhc01
ssf2hc01
spf2thc01
spf2thc02
spf2xhc01
spf2xhc02
vhunt2hc01
vsavhc01
vsav2hc01
xmcotahc01
xmcotahc02
xmcotahc03
xmvsfhc01
xmvsfhc02
xmvsfhc03

@source:../hbmame/drivers/cps2.cpp
suicide

@source:../hbmame/drivers/cps2.cpp
sfz3mix

@source:capcom/cps3.cpp
jojo
jojoa
jojoar1
jojoar2
jojoba
jojoban
jojobar1
jojobajr1
jojobajr2
jojobanr1
jojobaner1
jojobaner2
jojobanr2
jojobar2
jojoj
jojojr1
jojojr2
jojon
jojonr1
jojonr2
jojor1
jojor2
jojou
jojour1
jojour2
redearth
redearthn
redearthnr1
redearthr1
sfiii
sfiii2
sfiii2h
sfiii2j
sfiii2a
sfiii2n
sfiii3
sfiii3j
sfiii3jr1
sfiii3n
sfiii3na
sfiii3nr1
sfiii3nar1
sfiii3r1
sfiii3u
sfiii3ur1
sfiiia
sfiiih
sfiiij
sfiiin
sfiiina
sfiiiu
warzard
warzardr1

@source:../hbmame/drivers/cps3hc.cpp
jojobahc01
jojobahc02
jojobahc03
jojohc01
sfiiihc01
sfiiihc02
sfiii2hc01
sfiii2hc02
sfiii3hc01
sfiii3hc02
sfiii3hc03
sfiii3hc04
sfiii3hc05
sfiii3hc06

@source:../hbmame/drivers/cps3hc.cpp
jojobane
jojone
redeartne
sfiiine 
sfiii2ne
sfiii3ne

@source:capcom/egghunt.cpp
egghunt

@source:capcom/exedexes.cpp
exedexes
savgbees

@source:../hbmame/drivers/fcrash.cpp
cawingb2
cawingbl
fcrash
ffightbl
ffightbla
ffightblb
kodb
mtwinsb
sf2ceeabl
sf2ceeab2
sf2ceeab3
sf2md
sgyxz
sgyxza
sgyxzb
varthb
wofabl
wofabla
wofr1bl

@source:capcom/gng.cpp
diamrun
gng
gnga
gngb
gngbl
gngbla
gngblita
gngc
gngprot
gngt
makaimur
makaimurb
makaimurbbl
makaimurc
makaimurg

@source:../hbmame/drivers/gnghc.cpp
gngknight
gngmaiden

@source:capcom/gunsmoke.cpp
gunsmoke
gunsmokeb
gunsmokej
gunsmokeu
gunsmokeua
gunsmokeub
gunsmokeuc
gunsmokeg

@source:capcom/higemaru.cpp
higemaru

@source:capcom/kenseim.cpp
kenseim

@source:capcom/lastduel.cpp
lastduel
lastduelb
lastduelj
lastduelo
leds2011
leds2011p
leds2011u
ledstorm
madgear
madgearj

@source:capcom/lwings.cpp
avengers
avengersa
avengersb
avengersc
buraiken
buraikenb
fball
lwings
lwingsa
lwingsb
lwingsj
lwingsja
sectionz
sectionza
trojan
trojana
trojanb
trojanj
trojanjo
trojanlt
trojanr
trojanra

@source:capcom/mitchell.cpp
7toitsu
bbros
block
blockbl
blockj
blockr1
blockr2
cworld
dokaben
dokaben2
hatena
marukin
marukina
mgakuen
mgakuen2
mstworld
mstworld2
pang
pangb
pangb2
pangba
pangbb
pangbc
pangbold
pangbp
pkladies
pkladiesbl
pkladiesbl2
pkladiesblu
pkladiesl
pkladiesla
pompingw
qsangoku
qtono1
sbbros
spang
spangbl
spangbl2
spangj

@source:../hbmame/drivers/mitchellhc.cpp
mitcdemo

@source:../hbmame/drivers/neogeo.cpp
neogeo
nggno
neosd
multimvs
2020bb
2020bba
2020bbh
3countb
alpham2
alpham2p
androdun
aodk
aof
aof2
aof2a
aof3
aof3k
b2b
bakatono
bangbead
bjourney
bjourneyh
blazstar
breakers
breakrev
bstars
bstars2
bstarsh
burningf
burningfh
burningfp
burningfpa
burningfpb
crswd2bl
crsword
ct2k3sa
ct2k3sp
cthd2003
ctomaday
cyberlip
diggerma
doubledr
dragonsh
eightman
fatfursp
fatfurspa
fatfury1
fatfury2
fatfury2a
fatfury3
fatfury3a
fbfrenzy
fightfev
fightfeva
flipshot
froman2b
fswords
galaxyfg
ganryu
garou
garoubl
garouh
garouha
garoup
ghostlop
goalx3
gowcaizr
gpilots
gpilotsh
gpilotsp
gururin
ironclad
ironclado
irrmaze
janshin
jockeygp
jockeygpa
joyjoy
kabukikl
karnovr
kf10thep
kf2k3pcb
kf2k2mp
kf2k2mp2
kf2k2pla
kf2k2pls
kf2k3bl
kf2k3bla
kf2k3pl
kf2k3upl
kf2k5uni
kizuna
kizuna4p
kof10th
kof2000
kof2000n
kof2001
kof2001h
kof2002
kof2002b
kof2003
kof2003h
kof2k4se
kof94
kof95
kof95a
kof95h
kof96
kof96a
kof96h
kof97
kof97h
kof97k
kof97oro
kof97pls
kof98
kof98a
kof98h
kof98k
kof98ka
kof99
kof99e
kof99h
kof99k
kof99ka
kof99p
kog
kogplus
kotm
kotm2
kotm2a
kotm2p
kotmh
lans2004
lastblad
lastblada
lastbladh
lastbld2
lasthope
lastsold
lbowling
legendos
lresort
lresortp
magdrop2
magdrop3
maglord
maglordh
mahretsu
marukodq
matrim
matrimbl
miexchng
minasan
moshougi
ms5pcb
ms4plus
ms5plus
mslug
mslug2
mslug3
mslug3a
mslug3b6
mslug3h
mslug4
mslug4h
mslug5
mslug5b1
mslug5h
mslugx
mutnat
nam1975
ncombat
ncombath
ncommand
neobombe
neocup98
neodrift
neomrdo
ninjamas
nitd
nitdbl
overtop
panicbom
pbobbl2n
pbobblen
pbobblenb
pgoal
pnyaa
pnyaaa
popbounc
preisle2
pspikes2
pulstar
pulstara
puzzldpr
puzzledp
quizdai2
quizdais
quizdaisk
quizkof
quizkofk
ragnagrd
rbff1
rbff1a
rbff1k
rbff1ka
rbff2
rbff2h
rbff2k
rbffspec
rbffspeck
ridhero
ridheroh
roboarmy
roboarmya
rotd
rotdh
s1945p
samsh5sp
samsh5sph
samsh5spho
samsho
samshoh
samshoa
samsho2
samsho2k
samsho2ka
samsho3
samsho3h
samsho4
samsho4k
samsho5
samsho5a
samsho5b
samsho5h
savagere
sbp
sdodgeb
sengoku
sengokuh
sengoku2
sengoku3
sengoku3a
shocktr2
shocktro
shocktroa
socbrawl
socbrawlh
sonicwi2
sonicwi3
spinmast
ssideki
ssideki2
ssideki3
ssideki4
stakwin
stakwindev
stakwin2
strhoop
superspy
svcpcb
svcpcba
svc
svcboot
svcplus
svcplusa
svcsplus
tophuntr
tophuntrh
tpgolf
trally
turfmast
twinspri
twsoc96
viewpoin
viewpoinp
vliner
vliner7e
vliner6e
vliner54
vliner53
wakuwak7
wh1
wh1h
wh1ha
wh2
wh2h
wh2j
wh2ja
whp
wjammers
zedblade
zintrckb
zupapa

@source:../hbmame/drivers/neogeo.cpp
bangbedd
cthd2k3d
cthd2k3da
cthd2k3a
ct2k3spd
ganryud
garoud
garouhd
jockygpd
kof96ep
kof97pla
kof97orod
kof99d
kof99kd
kof2kd
kof2knd
kof2k1d
kof2k1hd
kf2k1bh
kf2k1pls
kf2k1plse
kf2k1plsd
kf2k1pla
kf2k1plae
kf2k1plad
kf2k1plap
kof2k2d
kof2k2nd
kf2k2plae
kf2k2plad
kf2k2plap
kf2k2plbe
kf2k2plbd
kf2k2plbp
kf2k2plc
kf2k2plce
kf2k2plcd
kf2k2pld
kf2k2plde
kf2k2pldd
kf2k2ple
kf2k2plee
kf2k2pled
kf2k2plep
kf2k2mpl
kf2k2mpp
kf2k2mpe
kf2k2mpd
kf2k2mp2e
kf2k2mp2d
kf2k2mp2p
kof2k3d
kf2k3bd
kof2k3hd
kof2k3nd
kf2k3pcd
kf2k3pd
kf2k3upd
kogd
kogplusd
kof10thd
kf10thepp
kof10thu
kf2k5unid
kofse2k4
kofse2k4e
kofse2k4d
kofse2k4p
kf2k4pls
kf2k4plse
kf2k4plsd
kf2k4plsp
lans2k4d
matrimd
matrimbd
msboot
ms3b6boot
ms4boot
ms5boot
ms5pcbd
ms4pluse
ms4plusd
ms5pluse
ms5plusd
ms5plusnd
mslug2t
mslug3d
mslug3hd
mslug3b6d
mslug3b6e
mslug4d
mslug4hd
mslug4nd
mslug5d
mslug5hd
mslug5nd
mslug5b2
mslug5b3
mslug5b4
mslug5b5
mslug5b6
mslug5b7
mslug5b8
mslugxb
nitdd
pbobblendx
pnyaad
preisl2d
rotdd
rotdhd
s1945pd
samsho3en
samsh5bd
samsh5d
samsh5hd
samsh5nd
sams5spd
sams5sod
sams5shd
sams5sond
sams5shnd
sengok3d
svcd
svcnd
svcbp
svcplusp
svcsplusp
svcpcbd
zupapad

@source:../hbmame/drivers/neogeo.cpp
2020bbe
3countbe
androdune
aof3e
bangbeade
blazstre
fatfury3e
goalx3e
kabukikle
lastbladhe
kizunae
kof95e
kotm2e
magdrp3e
miexchnge
msluge
mslug4e
mslug5e
neobombee
neodrifte
ninjamse
pulstare
ragnagrde
rbffspece
pgoale
roboarme
panicbome
rbff1e
samsho3e
samsho4e
strhoope
sengoku2e
shocktrae
sonicw3e
ssidek4e
turfmste
twinspre
tws96e
wakuwk7e
wh1e
whpe
wjammere

@source:../hbmame/drivers/neogeo.cpp
3countbd
2020bbd
alpham2d
androdund
aofd
bstarsd
burningfd
crswordd
cyberlipd
eightmand
fatfury1d
fbfrenzyd
gpilotsd
joyjoyd
kotmd
lbowlingd
lresortd
maglordd
mutnatd
ncombatd
ncommandd
ridherod
roboarmyd
sengokud
sengoku2d
socbrawld
superspyd
tpgolfd
trallyd
wh1d

@source:../hbmame/drivers/neogeo.cpp
2020bbcd
columnsncd
fr2cd
gpilotcd
joyjoycd
lbowlingcd
pbobblencd
sengokucd
ssidekicd
strhoopcd
superspycd
tpgolfcd
trallycd
zintrkcd

@source:../hbmame/drivers/neogeo.cpp
3countbdd
2020bbdd
2020bbadd
2020bbhdd
alpham2dd
alpham2pdd
androdundd
aodkdd
aofdd
aof2dd
aof2add
aof3dd
aof3kdd
b2bdd
bakatonodd
bangbeadd
bjourneydd
bjourneyhdd
blazstardd
breakersdd
breakrevdd
bstarsdd
bstarshdd
bstars2dd
burningfdd
burningfhdd
burningfpdd
burningfpadd
crswd2bldd
crsworddd
ct2k3sadd
ct2k3spdd
cthd2003dd
ctomadaydd
cyberlipdd
diggermadd
doubledrdd
dragonshdd
eightmandd
fatfurspdd
fatfurspadd
fatfury1dd
fatfury2dd
fatfury3dd
fbfrenzydd
fightfevdd
fightfevadd
flipshotdd
froman2bdd
fswordsdd
galaxyfgdd
ganryudd
garoudd
garoubldd
garouhdd
garouhadd
garoupdd
ghostlopdd
goalx3dd
gowcaizrdd
gpilotsdd
gpilotshdd
gururindd
ironcladd
ironcladod
irrmazedd
janshindd
jockeygpdd
jockeygpadd
joyjoydd
kabukikldd
karnovrdd
kf2k2mpdd
kf2k2mp2dd
kf2k2plsdd
kf2k2pladd
kf2k3bldd
kf2k3bladd
kf2k3upldd
kf2k3pldd
kf2k3pcbdd
kizunadd
kof2000dd
kof2000ndd
kof2001dd
kof2001hdd
kof2002dd
kof2002bdd
kof2003dd
kof2003hdd
kof10thdd
kf10thepdd
kf2k5unidd
kof2k4sedd
kof94dd
kof95dd
kof95hdd
kof96dd
kof96hdd
kof97dd
kof97hdd
kof97kdd
kof97plsdd
kof97orodd
kof98dd
kof98hdd
kof98kdd
kof98kadd
kof99dd
kof99edd
kof99hdd
kof99kdd
kof99kadd
kof99pdd
kogdd
kotmdd
kotmhdd
kotm2dd
kotm2add
kotm2pdd
lans2004dd
lastbladdd
lastbladhdd
lastsoldd
lasthopedd
lastbld2dd
lbowlingdd
legendosdd
lresortdd
lresortpdd
magdrop2dd
magdrop3dd
maglorddd
maglordhdd
mahretsudd
marukodqdd
matrimdd
miexchngdd
minasandd
moshougidd
ms5pcbdd
ms4plusdd
ms5plusdd
mslugdd
mslug2dd
mslug2tdd
mslug3dd
mslug3hdd
mslug3b6dd
mslug4dd
mslug4hdd
mslug5dd
mslug5hdd
mslugxdd
mutnatdd
nam1975dd
ncombatdd
ncombathdd
ncommanddd
neobombedd
neocup98dd
neodriftdd
neomrdodd
ninjamasdd
nitddd
nitdbldd
overtopdd
panicbomdd
pbobbl2ndd
pbobblendd
pbobblenbdd
pgoaldd
pnyaadd
pnyaaadd
popbouncdd
preisle2dd
pspikes2dd
pulstardd
puzzldprdd
puzzledpdd
quizdai2dd
quizdaisdd
quizdaiskdd
quizkofdd
quizkofkdd
ragnagrdd
rbff1dd
rbff1add
rbff1kdd
rbff2dd
rbff2hdd
rbff2kdd
rbffspecdd
rbffspeckdd
ridherodd
ridherohdd
roboarmydd
roboarmyadd
rotddd
rotdhdd
s1945pdd
samsh5spdd
samsh5sphdd
samsh5sphodd
samshodd
samshohdd
samsho2dd
samsho2kdd
samsho2kadd
samsho3dd
samsho3hdd
samsho4dd
samsho4kdd
samsho5dd
samsho5hdd
samsho5bdd
savageredd
sbpdd
sdodgebdd
sengokudd
sengokuhdd
sengoku2dd
sengoku3dd
sengoku3add
shocktr2dd
shocktrodd
shocktroadd
socbrawldd
socbrawlhdd
sonicwi2dd
sonicwi3dd
spinmastdd
ssidekidd
ssideki2dd
ssideki3dd
ssideki4dd
stakwindd
stakwin2dd
strhoopdd
superspydd
svcdd
svcbootdd
svcplusdd
svcplusadd
svcsplusdd
svcpcbdd
svcpcbadd
tophuntrdd
tophuntrhdd
tpgolfdd
trallydd
turfmastdd
twinspridd
twsoc96dd
viewpoindd
vlinerdd
vliner7edd
vliner6edd
vliner54dd
vliner53dd
wakuwak7dd
wh1dd
wh1hdd
wh1hadd
wh2dd
wh2hdd
wh2jdd
whpdd
wjammersdd
zedbladedd
zintrckbdd
zupapadd

@source:../hbmame/drivers/neogeo.cpp
3countbnds
2020bbnds
2020bbands
2020bbhnds
alpham2nds
alpham2pnds
androdunnds
aodknds
aofnds
aof2nds
aof2ands
aof3nds
aof3knds
b2bnds
bakatononds
bangbeadnds
bjourneynds
bjourneyhnds
blazstarnds
breakersnds
breakrevnds
bstarsnds
bstarshnds
bstars2nds
burningfnds
burningfhnds
burningfpnds
burningfpands
crswd2blnds
crswordnds
ct2k3sands
ct2k3spnds
cthd2003nds
ctomadaynds
cyberlipnds
diggermands
doubledrnds
dragonshnds
eightmannds
fatfurspnds
fatfurspands
fatfury1nds
fatfury2nds
fatfury3nds
fbfrenzynds
fightfevnds
fightfevands
flipshotnds
froman2bnds
fswordsnds
galaxyfgnds
ganryunds
garounds
garoublnds
garouhnds
garouhands
garoupnds
ghostlopnds
goalx3nds
gowcaizrnds
gpilotsnds
gpilotshnds
gururinnds
ironcladnds
ironcladonds
irrmazends
janshinnds
jockeygpnds
jockeygpands
joyjoynds
kabukiklnds
karnovrnds
kf2k2mpnds
kf2k2mp2nds
kf2k2plsnds
kf2k2plands
kf2k3blnds
kf2k3blands
kf2k3uplnds
kf2k3plnds
kf2k3pcbnds
kizunands
kof2000nds
kof2000nnds
kof2001nds
kof2001hnds
kof2002nds
kof2002bnds
kof2003nds
kof2003hnds
kof10thnds
kf10thepnds
kf2k5uninds
kof2k4sends
kof94nds
kof95nds
kof95hnds
kof96nds
kof96hnds
kof97nds
kof97hnds
kof97knds
kof97plsnds
kof97oronds
kof98nds
kof98hnds
kof98knds
kof98kands
kof99nds
kof99ends
kof99hnds
kof99knds
kof99kands
kof99pnds
kognds
kotmnds
kotmhnds
kotm2nds
kotm2ands
kotm2pnds
lans2004nds
lastbladnds
lastbladhnds
lastsolnds
lasthopends
lastbld2nds
lbowlingnds
legendosnds
lresortnds
lresortpnds
magdrop2nds
magdrop3nds
maglordnds
maglordhnds
mahretsunds
marukodqnds
matrimnds
miexchngnds
minasannds
moshouginds
ms4plusnsd
ms5plusnsd
ms5pcbdnsd
mslugnsd
mslug2nsd
mslug2tnsd
mslug3nsd
mslug3hnsd
mslug3b6nsd
mslug4nsd
mslug4hnsd
mslug5nsd
mslug5hnsd
mslugxnsd
mutnatnds
nam1975nds
ncombatnds
ncombathnds
ncommandnds
neobombends
neocup98nds
neodriftnds
neomrdonds
ninjamasnds
nitdnds
nitdblnds
overtopnds
panicbomnds
pbobbl2nnds
pbobblennds
pbobblenbnds
pgoalnds
pnyaands
pnyaaands
popbouncnds
preisle2nds
pspikes2nds
pulstarnds
puzzldprnds
puzzledpnds
quizdai2nds
quizdaisnds
quizdaisknds
quizkofnds
quizkofknds
ragnagrnds
rbff1nds
rbff1ands
rbff1knds
rbff2nds
rbff2hnds
rbff2knds
rbffspecnds
rbffspecknds
ridheronds
ridherohnds
roboarmynds
roboarmyands
rotdnds
rotdhnds
s1945pnds
samsh5spnds
samsh5sphnds
samsh5sphonds
samshonds
samshohnds
samsho2nds
samsho2knds
samsho2kands
samsho3nds
samsho3hnds
samsho4nds
samsho4knds
samsho5nds
samsho5hnds
samsho5bnds
savagerends
sbpnds
sdodgebnds
sengokunds
sengokuhnds
sengoku2nds
sengoku3nds
sengoku3ands
shocktr2nds
shocktronds
shocktroands
socbrawlnds
socbrawlhnds
sonicwi2nds
sonicwi3nds
spinmastnds
ssidekinds
ssideki2nds
ssideki3nds
ssideki4nds
stakwinnds
stakwin2nds
strhoopnds
superspynds
svcnds
svcbootnds
svcplusnds
svcplusands
svcsplusnds
svcpcbnds
svcpcbands
tophuntrnds
tophuntrhnds
tpgolfnds
trallynds
turfmastnds
twinsprinds
twsoc96nds
viewpoinnds
vlinernds
vliner7ends
vliner6ends
vliner54nds
vliner53nds
wakuwak7nds
wh1nds
wh1hnds
wh1hands
wh2nds
wh2hnds
wh2jnds
whpnds
wjammersnds
zedbladends
zintrckbnds
zupapands

@source:../hbmame/drivers/neogeo.cpp
//3countbgno
//2020bbgno
//2020bbagno
//2020bbhgno
//alpham2gno
//androdungno
//aodkgno
//aofgno
//aof2gno
//aof2agno
//aof3gno
//aof3kgno
//b2bgno
//bakatonogno
//bangbeadgno
//bjourneygno
//bjourneyhgno
//blazstargno
//breakersgno
//breakrevgno
//bstarsgno
//bstarshgno
//bstars2gno
//burningfgno
//burningfhgno
//crswordgno
//ct2k3sagno
//ct2k3spgno
//cthd2003gno
//ctomadaygno
//cyberlipgno
//diggermagno
//doubledrgno
//eightmangno
//fatfurspgno
//fatfurspagno
//fatfury1gno
//fatfury3gno
//fbfrenzygno
//fightfevgno
//fightfevagno
//flipshotgno
//fswordsgno
//galaxyfggno
//ganryugno
//garougno
//garoublgno
//garouhgno
//garouhagno
//garoupgno
//ghostlopgno
//goalx3gno
//gowcaizrgno
//gpilotsgno
//gpilotshgno
//gururingno
//irrmazegno
//janshingno
//jockeygpgno
//jockeygpagno
//joyjoygno
//kabukiklgno
//karnovrgno
//kf2k2mpgno
//kf2k2mp2gno
//kf2k2plsgno
//kf2k2plagno
//kf2k3blgno
//kf2k3blagno
//kf2k3uplgno
//kf2k3plgno
//kizunagno
//kof2000gno
//kof2000ngno
//kof2001gno
//kof2001hgno
//kof2002gno
//kof2002bgno
//kof2003gno
//kof2003hgno
//kof10thgno
//kf10thepgno
//kf2k5unigno
//kof2k4segno
//kof95gno
//kof95hgno
//kof96gno
//kof96hgno
//kof97gno
//kof97hgno
//kof97kgno
//kof97plsgno
//kof98gno
//kof98hgno
//kof98kgno
//kof98kagno
//kof99gno
//kof99egno
//kof99hgno
//kof99kgno
//kof99kagno
//kof99pgno
//koggno
//kotmgno
//kotmhgno
//kotm2gno
//kotm2agno
//lans2004gno
//lastbladgno
//lastbladhgno
//lastsolgno
//lastbld2gno
//lbowlinggno
//legendosgno
//lresortgno
//magdrop2gno
//magdrop3gno
//maglordgno
//maglordhgno
//mahretsugno
//marukodqgno
//matrimgno
//miexchnggno
//ms4plusgno
//ms5plusgno
//msluggno
//mslug2gno
//mslug2tgno
//mslug3gno
//mslug3hgno
//mslug3b6gno
//mslug4gno
//mslug4hgno
//mslug5gno
//mslug5hgno
//mslugxgno
//minasangno
//moshougigno
//mutnatgno
//nam1975gno
//ncombatgno
//ncombathgno
//ncommandgno
//neobombegno
//neocup98gno
//neodriftgno
//neomrdogno
//ninjamasgno
//nitdgno
//nitdblgno
//overtopgno
//panicbomgno
//pbobbl2ngno
//pbobblengno
//pbobblenbgno
//pgoalgno
//pnyaagno
//pnyaaagno
//popbouncgno
//preisle2gno
//pspikes2gno
//pulstargno
//puzzldprgno
//puzzledpgno
//quizdai2gno
//quizdaisgno
//quizkofgno
//ragnagrgno
//rbff1gno
//rbff1agno
//rbff1kgno
//rbff2gno
//rbff2hgno
//rbff2kgno
//rbffspecgno
//rbffspeckgno
//ridherogno
//ridherohgno
//roboarmygno
//roboarmyagno
//rotdgno
//rotdhgno
//s1945pgno
//samsh5spgno
//samsh5sphgno
//samsh5sphogno
//samshogno
//samshohgno
//samsho2gno
//samsho3gno
//samsho3hgno
//samsho4gno
//samsho5gno
//samsho5hgno
//samsho5bgno
//savageregno
//sdodgebgno
//sengokugno
//sengokuhgno
//sengoku2gno
//sengoku3gno
//sengoku3agno
//shocktr2gno
//shocktrogno
//shocktroagno
//socbrawlgno
//socbrawlhgno
//sonicwi2gno
//sonicwi3gno
//spinmastgno
//ssidekigno
//ssideki2gno
//ssideki3gno
//ssideki4gno
//stakwingno
//stakwin2gno
//strhoopgno
//superspygno
//svcgno
//svcbootgno
//svcplusgno
//svcplusagno
//svcsplusgno
//svcpcbagno
//tophuntrgno
//tophuntrhgno
//tpgolfgno
//trallygno
//turfmastgno
//twinsprigno
//twsoc96gno
//viewpoingno
//vlinergno
//vliner7egno
//vliner6egno
//vliner54gno
//vliner53gno
//wakuwak7gno
//wh1gno
//wh1hgno
//wh1hagno
//wh2gno
//wh2hgno
//wh2jgno
//whpgno
//wjammersgno
//zedbladegno
//zintrckbgno
//zupapagno

@source:../hbmame/drivers/neogeo.cpp
19yy
19yyo
68kng
240ptest
4play
abyssal
adkw
amazonn
badapple
baddudesn
bbb2
beast
blueandr
bpanicdx
bonusstage
cabalng
cakefght
caravan
cbarrel
chelnovn
cnbe
cnbe2018
cphd
columnsn
cyborg
ddsprdmo
didemo
doomgeo
doubled1
flapchck
ffeast
foodfn
freedoom
galaxiann
gladmort
gladmortcm
goldaxen
grime
gxg
halozero
horekidb3
hypernoid
igla
inthehunt
iocero
jumpnrund
jurl
karnovn
knightsch
lernit
lhcdb
looptris
looptrsp
ltorb
mslug3x
nblktiger
knacki
midnight
ndo_a_td
neo2500
neo2048
neopang
neo3d
neocstlv
neodemo
neofight
neogal1
neogal1t
neonopon
neopl
neopong
neoponga
neoromjb
neotest
neothund
neotris
ngcdtdd0
ng4ptest
ng4psyschk
ngem2k
ngftdemo
ngmontst
ngtd2
ngtetris
ngym2610
nsmbd
nsmb
nyan
pcmademo
pcmbdemo
poknight
pown
raroggame
rickdangdx
samantha
santabll
sgz
shaman24
shinobin
seafight
snddemo
spkick
spriteex
syscheck
teot
timesup
timesupd
totc
twister
vaporous
violentv
vlad2000
wrldracr
ww2demo
yoyoshkn
xeviousng
xeno
xmas2017
zetsuxeving

@source:../hbmame/drivers/neogeo.cpp
akiradmo
cndi
dti
dwi
dwia
gbi
rci
smi
tmnti
tmntia

@source:../hbmame/drivers/neogeo.cpp
androdunhc01
aofhc01
aofhc02
aofhc03
aofhc04
aofhc05
aof2hc01
aof2hc02
aof2hc03
aof3hc01
aof3hc02
aodkhc01
blazstarhc01
breakershc01
breakrevhc01
breakrevhc02
breakrevhc03
breakrevhc04
crswd2blhc01
cyberliphc01
doubledrhc01
doubledrhc02
doubledrhc03
doubledrhc04
doubledrhc05
doubledrhc06
doubledrhc07
doubledrhc08
eightmanhc01
fatfursphc01
fatfursphc02
fatfury1hc01
fatfury2hc01
fatfury2hc02
fatfury3hc01
fightfevhc01
fightfevhc02
flipshothc01
froman2bhc01
galaxyfghc01
galaxyfghc02
garouhc01
garouhc02
garouhc03
garouhc04
ganryuhc01
gowcaizrhc01
gowcaizrhc02
gowcaizrhc03
gpilotshc01
irrmazehc01
kabukiklhc01
kabukiklhc02
kabukiklhc03
karnovrhc01
karnovrhc02
karnovrhc03
kizunahc01
kizunahc02
kizunahc03
kof10thhc01
kof10thhc02
kof94hc01
kof94hc02
kof94hc03
kof94hc04
kof94hc05
kof94hc06
kof94hc07
kof94hc08
kof95hc01
kof95hc02
kof95hc03
kof95hc04
kof95hc05
kof95hc06
kof96hc01
kof96hc02
kof96hc03
kof96hc04
kof96hc05
kof96hc06
kof96hc07
kof96hc08
kof96hc09
kof97hc01
kof97hc02
kof97hc03
kof97hc04
kof97hc05
kof97hc06
kof97hc07
kof97hc08
kof97hc09
kof97hc10
kof97hc11
kof97hc12
kof97hc13
kof97hc14
kof97hc15
kof97hc16
kof97hc17
kof97hc18
kof97hc19
kof97hc20
kof97hc21
kof97hc22
kof97hc23
kof97hc24
kof97hc25
kof97hc26
kof97hc27
kof97hc28
kof97hc29
kof97hc30
kof97hc31
kof97hc32
kof97hc33
kof98hc01
kof98hc02
kof98hc03
kof98hc04
kof98hc05
kof98hc06
kof98hc07
kof98hc08
kof98hc09
kof98hc10
kof98hc11
kof98hc12
kof98hc13
kof98hc14
kof98hc15
kof98hc16
kof98hc17
kof98hc18
kof98hc19
kof98hc20
kof98hc21
kof98hc22
kof98hc23
kof98hc24
kof98hc25
kof98hc26
kof99hc01
kof99hc02
kof99hc03
kof99hc04
kof99hc05
kof99hc06
kof99hc07
kof99hc08
kof99hc09
kof99hc10
kof99hc11
kof99hc12
kof99hc13
kof2000hc01
kof2000hc02
kof2000hc03
kof2000hc04
kof2000hc05
kof2000hc06
kof2000hc07
kof2000hc08
kof2000hc09
kof2000hc10
kof2001hc01
kof2001hc02
kof2001hc03
kof2001hc04
kof2001hc05
kof2001hc06
kof2002hc01
kof2002hc02
kof2002hc03
kof2002hc04
kof2002hc05
kof2002hc06
kof2002hc07
kof2002hc08
kof2002hc09
kof2002hc10
kof2002hc11
kof2002hc12
kof2002hc13
kof2002hc14
kof2002hc15
kof2002hc16
kof2002hc17
kof2002hc18
kof2002hc19
kof2002hc20
kof2002hc21
kof2002hc22
kof2002hc23
kof2002hc24
kof2003hc01
kof2003hc02
kof2003hc03
kof2003hc04
kof2003hc05
lans2004hc01
lastbladhc01
lastbladhc02
lastbladhc03
lastbladhc04
lastbladhc05
lastbladhc06
lastbld2hc01
lastbld2hc02
lastbld2hc03
lastbld2hc04
lastbld2hc05
lastbld2hc06
lastbld2hc07
lastbld2hc08
magdrop3hc01
magdrop3hc02
magdrop3hc03
maglordhc01
maglordhc02
matrimhc01
matrimhc02
matrimhc03
miexchnghc01
mslughc01
mslughc02
mslughc03
mslughc04
mslughc05
mslughc06
mslughc07
mslughc08
mslughc09
mslughc10
mslughc11
mslughc12
mslughc13
mslughc14
mslughc15
mslughc16
mslug2hc01
mslug2hc02
mslug2hc03
mslug2hc04
mslug2hc05
mslug2hc06
mslug2hc07
mslug2hc08
mslug2hc09
mslug2hc10
mslug2hc11
mslug2hc12
mslug2hc13
mslug2hc14
mslug2hc15
mslug2hc16
mslug2hc17
mslug2hc18
mslug2hc19
mslug3hc01
mslug3hc02
mslug3hc03
mslug3hc04
mslug3hc05
mslug3hc06
mslug3hc07
mslug3hc08
mslug3hc09
mslug3hc10
mslug3hc11
mslug3hc12
mslug3hc13
mslug3hc14
mslug3hc15
mslug3hc16
mslug3hc17
mslug3hc18
mslug3hc19
mslug3hc20
mslug3hc21
mslug3hc22
mslug3hc23
mslug3hc24
mslug3hc25
mslug3hc26
mslug3hc27
mslug3hc28
mslug3hc29
mslug3hc30
mslug3hc31
mslug3hc32
mslug3hc33
mslug3hc34
mslug3hc35
mslug3hc36
mslug3hc37
mslug3hc38
mslug3hc39
mslug3hc40
mslug3hc41
mslug4hc01
mslug4hc02
mslug4hc03
mslug4hc04
mslug4hc05
mslug4hc06
mslug4hc07
mslug4hc08
mslug4hc09
mslug4hc10
mslug4hc11
mslug4hc12
mslug4hc13
mslug4hc14
mslug4hc15
mslug4hc16
mslug4hc17
mslug4hc18
mslug4hc19
mslug4hc20
mslug4hc21
mslug4hc22
mslug4hc23
mslug4hc24
mslug4hc25
mslug4hc26
mslug5hc01
mslug5hc02
mslug5hc03
mslug5hc04
mslug5hc05
mslug5hc06
mslug5hc07
mslug5hc08
mslug5hc09
mslug5hc10
mslug5hc11
mslug5hc12
mslug5hc13
mslug5hc14
mslug5hc15
mslug5hc16
mslug5hc17
mslug5hc18
mslug5hc19
mslug5hc20
mslug5hc21
mslug5hc22
mslug5hc23
mslug5hc24
mslug5hc25
mslug5hc26
mslug5hc27
mslug5hc28
mslug5hc29
mslug5hc30
mslug5hc31
mslugxhc01
mslugxhc02
mslugxhc03
mslugxhc04
mslugxhc05
mslugxhc06
mslugxhc07
mslugxhc08
mslugxhc09
mslugxhc10
mslugxhc11
mslugxhc12
mslugxhc13
mslugxhc14
mslugxhc15
mslugxhc16
mslugxhc17
mslugxhc18
mslugxhc19
mslugxhc20
mslugxhc21
mslugxhc22
mslugxhc23
mslugxhc24
mslugxhc25
mslugxhc26
mslugxhc27
mslugxhc28
mslugxhc29
mslugxhc30
mslugxhc31
mslugxhc32
mslugxhc33
mslugxhc34
mslugxhc35
mslugxhc36
mutnathc01
nam1975hc01
neocup98hc01
ninjamashc01
ninjamashc02
ninjamashc03
nitdhc01
nitdhc02
pbobblenhc01
pbobblenhc02
pbobblenhc03
puzzledphc01
puzzldprhc01
ragnagrdhc01
ragnagrdhc02
rbffspechc01
rbff1hc01
rbff2hc01
rotdhc01
rotdhc02
rotdhc03
rotdhc04
s1945phc01
s1945phc02
s1945phc03
s1945phc04
samshohc01
samshohc02
samshohc03
samsho2hc01
samsho2hc02
samsho2hc03
samsho2hc04
samsho2hc05
samsho2hc06
samsho3hc01
samsho3hc02
samsho4hc01
samsho4hc02
samsho4hc03
samsho4hc04
samsho4hc05
samsho5hc01
samsho5hc02
samsho5hc03
samsho5hc04
samsh5sphc01
samsh5sphc02
samsh5sphc03
samsh5sphc04
savagerehc01
savagerehc02
savagerehc03
sdodgebhc01
sdodgebhc02
sdodgebhc03
sengoku2hc01
sengoku3hc01
sengoku3hc02
sengoku3hc03
sengoku3hc04
sengoku3hc05
sengoku3hc06
shocktrohc01
shocktr2hc01
sonicwi2hc01
sonicwi3hc01
sonicwi3hc02
spinmasthc01
strhoophc01
svchc01
svchc02
tophuntrhc01
turfmasthc01
turfmasthc02
twinsprihc01
viewpoinhc01
viewpoinhc02
wakuwak7hc01
wakuwak7hc02
wakuwak7hc03
wjammershc01
wjammershc02
wjammershc03
wjammershc04
wh1hc01
wh1hc02
wh2hc01
wh2hc02
wh2hc03
wh2jhc01
wh2jhc02
whphc01
whphc02
whphc03
whphc04
zintrckbhc01
zintrckbhc02

@source:capcom/sf.cpp
sf
sfan
sfj
sfjan
sfjbl
sfp
sfua
sfw

@source:capcom/sidearms.cpp
dyger
dygera
sidearms
sidearmsj
sidearmsu
sidearmsur1
turtship
turtshipj
turtshipk
turtshipkn
turtshipko
twinfalc
whizz

@source:capcom/sonson.cpp
sonson
sonsonj

@source:../hbmame/drivers/sonsonhc.cpp
sonsonhc01

@source:capcom/srumbler.cpp
rushcrsh
srumbler
srumbler2
srumbler3

@source:capcom/supduck.cpp
supduck

@source:capcom/tigeroad.cpp
bballs
bballsa
f1dream
f1dreama
f1dreamb
f1dreamba
pushman
pushmana
pushmans
pushmant
tigeroad
tigeroadb
tigeroadba
tigeroadu
toramich

@source:capcom/vulgus.cpp
1942iti
mach9
vulgus
vulgusa
vulgusj
